
> acb-investigation-system@1.0.0 dev
> next dev

  ▲ Next.js 14.2.35
  - Local:        http://localhost:3000

 ✓ Starting...
 ✓ Ready in 2.3s
 ✓ Compiled /middleware in 408ms (72 modules)
 ○ Compiling / ...
 ✓ Compiled / in 2.1s (473 modules)
 GET / 200 in 2306ms
 ○ Compiling /view-reports ...
 ✓ Compiled /view-reports in 2.1s (732 modules)
 GET /view-reports 200 in 2422ms
 ✓ Compiled /_not-found in 413ms (735 modules)
 GET /.well-known/appspecific/com.chrome.devtools.json 404 in 742ms
 ✓ Compiled in 2.2s (740 modules)
 GET /view-reports 200 in 171ms
 GET /.well-known/appspecific/com.chrome.devtools.json 404 in 32ms
 ○ Compiling /generate-report ...
 ✓ Compiled /generate-report in 809ms (752 modules)
 GET /view-reports 200 in 545ms
 GET /.well-known/appspecific/com.chrome.devtools.json 404 in 62ms
 ✓ Compiled in 1485ms (392 modules)
 ✓ Compiled in 469ms (392 modules)
 ✓ Compiled in 557ms (392 modules)
 GET /view-reports 200 in 82ms
 ✓ Compiled /_not-found in 363ms (752 modules)
 GET /.well-known/appspecific/com.chrome.devtools.json 404 in 569ms
 ○ Compiling /dashboard ...
 ✓ Compiled /dashboard in 4.4s (1808 modules)
 ✓ Compiled in 1124ms (1819 modules)
 ⚠ Fast Refresh had to perform a full reload due to a runtime error.
 GET /dashboard 200 in 633ms
 ✓ Compiled /_not-found in 414ms (1808 modules)
 GET /.well-known/appspecific/com.chrome.devtools.json 404 in 592ms
 ✓ Compiled in 2.2s (1822 modules)
 GET /view-reports 200 in 188ms
 GET /.well-known/appspecific/com.chrome.devtools.json 404 in 107ms
 ✓ Compiled in 2.2s (1819 modules)
 ✓ Compiled in 1019ms (1819 modules)
 ✓ Compiled in 1674ms (1819 modules)
 ✓ Compiled in 1412ms (1819 modules)
 ✓ Compiled in 1120ms (1819 modules)
 ✓ Compiled in 1908ms (1819 modules)
 ✓ Compiled in 1412ms (1819 modules)
 GET /dashboard 200 in 385ms
 ○ Compiling /_not-found ...
 ✓ Compiled /_not-found in 1000ms (1808 modules)
 GET /.well-known/appspecific/com.chrome.devtools.json 404 in 1277ms
 ✓ Compiled in 1252ms (1819 modules)
 ✓ Compiled in 1535ms (1819 modules)
 ✓ Compiled in 2s (1823 modules)
 GET /dashboard 200 in 436ms
 ○ Compiling /_not-found ...
 ✓ Compiled /_not-found in 547ms (1812 modules)
 GET /.well-known/appspecific/com.chrome.devtools.json 404 in 762ms
 GET /dashboard 200 in 185ms
 GET /.well-known/appspecific/com.chrome.devtools.json 404 in 32ms
 ○ Compiling /cases ...
 ✓ Compiled /cases in 1264ms (1838 modules)
 ○ Compiling /api/cases ...
 ✓ Compiled /api/cases in 697ms (965 modules)
 GET /api/cases 200 in 1147ms
 GET /api/cases 200 in 29ms
 ✓ Compiled in 2.5s (1835 modules)
 ✓ Compiled in 869ms (1835 modules)
 ⨯ ./app/(main)/dashboard/page.tsx
Error: 
  [31mx[0m Unexpected token `div`. Expected jsx identifier
     ,-[[36;1;4mC:\Users\Trooper\Desktop\Rajesh\ACB\frontend\app\(main)\dashboard\page.tsx[0m:127:1]
 [2m127[0m |   ];
 [2m128[0m | 
 [2m129[0m |   return (
 [2m130[0m |     <div className="flex flex-col min-h-screen bg-slate-50">
     : [31;1m     ^^^[0m
 [2m131[0m |       <TopNav title="Dashboard" subtitle="ACB Investigation Platform" />
 [2m132[0m | 
 [2m133[0m |       <div className="p-6 space-y-6 animate-fade-in">
     `----

Caused by:
    Syntax Error

Import trace for requested module:
./app/(main)/dashboard/page.tsx
 ○ Compiling /_error ...
 ⨯ ./app/(main)/dashboard/page.tsx
Error: 
  [31mx[0m Unexpected token `div`. Expected jsx identifier
     ,-[[36;1;4mC:\Users\Trooper\Desktop\Rajesh\ACB\frontend\app\(main)\dashboard\page.tsx[0m:127:1]
 [2m127[0m |   ];
 [2m128[0m | 
 [2m129[0m |   return (
 [2m130[0m |     <div className="flex flex-col min-h-screen bg-slate-50">
     : [31;1m     ^^^[0m
 [2m131[0m |       <TopNav title="Dashboard" subtitle="ACB Investigation Platform" />
 [2m132[0m | 
 [2m133[0m |       <div className="p-6 space-y-6 animate-fade-in">
     `----

Caused by:
    Syntax Error

Import trace for requested module:
./app/(main)/dashboard/page.tsx
 GET /dashboard 500 in 149ms
 ⨯ ./app/(main)/dashboard/page.tsx
Error: 
  [31mx[0m Unexpected token `div`. Expected jsx identifier
     ,-[[36;1;4mC:\Users\Trooper\Desktop\Rajesh\ACB\frontend\app\(main)\dashboard\page.tsx[0m:127:1]
 [2m127[0m |   ];
 [2m128[0m | 
 [2m129[0m |   return (
 [2m130[0m |     <div className="flex flex-col min-h-screen bg-slate-50">
     : [31;1m     ^^^[0m
 [2m131[0m |       <TopNav title="Dashboard" subtitle="ACB Investigation Platform" />
 [2m132[0m | 
 [2m133[0m |       <div className="p-6 space-y-6 animate-fade-in">
     `----

Caused by:
    Syntax Error

Import trace for requested module:
./app/(main)/dashboard/page.tsx
 GET /.well-known/appspecific/com.chrome.devtools.json 500 in 998ms
 ✓ Compiled /_not-found in 3.4s (2070 modules)
 ✓ Compiled (2056 modules)
 GET /dashboard 200 in 722ms
 GET /.well-known/appspecific/com.chrome.devtools.json 404 in 88ms
 ✓ Compiled in 3.1s (2067 modules)
 GET /dashboard 200 in 299ms
 ○ Compiling /_not-found ...
 ✓ Compiled /_not-found in 869ms (2056 modules)
 GET /.well-known/appspecific/com.chrome.devtools.json 404 in 1140ms
 ✓ Compiled in 1557ms (2067 modules)
 ✓ Compiled in 1210ms (2067 modules)
 ✓ Compiled in 1113ms (2067 modules)
 ✓ Compiled in 792ms (2067 modules)
 ✓ Compiled in 1227ms (2067 modules)
 ✓ Compiled in 1224ms (2067 modules)
 ✓ Compiled in 728ms (1114 modules)
 ✓ Compiled in 1346ms (2067 modules)
 ✓ Compiled in 1394ms (2067 modules)
 ✓ Compiled in 1168ms (2067 modules)
 ✓ Compiled in 1698ms (2067 modules)
 ✓ Compiled in 973ms (2067 modules)
 GET /dashboard 200 in 398ms
 ○ Compiling /_not-found ...
 ✓ Compiled /_not-found in 923ms (2056 modules)
 GET /.well-known/appspecific/com.chrome.devtools.json 404 in 1136ms
 ✓ Compiled in 2.3s (2067 modules)
 ✓ Compiled in 1364ms (2067 modules)
 ✓ Compiled in 964ms (2067 modules)
 ✓ Compiled in 996ms (2067 modules)
 ✓ Compiled in 1267ms (2067 modules)
 ✓ Compiled in 1548ms (2067 modules)
 ✓ Compiled in 858ms (2067 modules)
 ✓ Compiled in 1788ms (2067 modules)
 ○ Compiling /api/cases ...
 ✓ Compiled /api/cases in 597ms (1007 modules)
 GET /api/cases 200 in 767ms
 GET /api/cases 200 in 23ms
 ○ Compiling /cases/new ...
 ✓ Compiled /cases/new in 1184ms (2123 modules)
 ○ Compiling /reports ...
 ✓ Compiled /reports in 1137ms (2081 modules)
 ✓ Compiled /api/cases in 349ms (1023 modules)
 ✓ Compiled (1025 modules)
 GET /api/cases 200 in 918ms
 GET /api/dashboard 200 in 941ms
 GET /api/cases 200 in 65ms
 GET /api/dashboard 200 in 71ms
 GET /api/cases 200 in 35ms
 GET /api/cases 200 in 46ms
 ✓ Compiled in 1896ms (2077 modules)
 ✓ Compiled in 636ms (2077 modules)
 ○ Compiling /settings ...
 ✓ Compiled /settings in 1454ms (2018 modules)
 ✓ Compiled in 1646ms (2019 modules)
 ✓ Compiled in 941ms (2019 modules)
 ✓ Compiled in 1141ms (2019 modules)
 ✓ Compiled in 2.2s (2019 modules)
 ○ Compiling /view-reports ...
 ✓ Compiled /view-reports in 974ms (964 modules)
 ✓ Compiled in 1839ms (2093 modules)
 ✓ Compiled in 2000ms (2086 modules)
 ✓ Compiled in 1140ms (2086 modules)
